../Core/Src/main.c:73:1:__io_putchar	16	static
../Core/Src/main.c:82:6:HAL_GPIO_EXTI_Callback	16	static
../Core/Src/main.c:95:5:main	8	static
../Core/Src/main.c:213:6:SystemClock_Config	88	static
../Core/Src/main.c:258:13:MX_I2C1_Init	8	static
../Core/Src/main.c:292:13:MX_USART2_UART_Init	8	static
../Core/Src/main.c:325:13:MX_GPIO_Init	48	static
../Core/Src/main.c:380:6:get_data_by_interrupt	16	static,ignoring_inline_asm
../Core/Src/main.c:401:6:get_data_by_polling	16	static
../Core/Src/main.c:429:6:Error_Handler	4	static,ignoring_inline_asm
